Archive member included to satisfy reference by file (symbol)

c:/program files (x86)/atollic/truestudio for stm32 9.0.1/armtools/bin/../lib/gcc/arm-atollic-eabi/6.3.1/../../../../arm-atollic-eabi/lib/armv7e-m/fpu\libc_nano.a(lib_a-init.o)
                              startup\startup_stm32f407xx.o (__libc_init_array)
c:/program files (x86)/atollic/truestudio for stm32 9.0.1/armtools/bin/../lib/gcc/arm-atollic-eabi/6.3.1/../../../../arm-atollic-eabi/lib/armv7e-m/fpu\libc_nano.a(lib_a-malloc.o)
                              Middlewares\ST\STM32_USB_Device_Library\Class\CustomHID\Src\usbd_customhid.o (malloc)
c:/program files (x86)/atollic/truestudio for stm32 9.0.1/armtools/bin/../lib/gcc/arm-atollic-eabi/6.3.1/../../../../arm-atollic-eabi/lib/armv7e-m/fpu\libc_nano.a(lib_a-nano-freer.o)
                              c:/program files (x86)/atollic/truestudio for stm32 9.0.1/armtools/bin/../lib/gcc/arm-atollic-eabi/6.3.1/../../../../arm-atollic-eabi/lib/armv7e-m/fpu\libc_nano.a(lib_a-malloc.o) (_free_r)
c:/program files (x86)/atollic/truestudio for stm32 9.0.1/armtools/bin/../lib/gcc/arm-atollic-eabi/6.3.1/../../../../arm-atollic-eabi/lib/armv7e-m/fpu\libc_nano.a(lib_a-nano-mallocr.o)
                              c:/program files (x86)/atollic/truestudio for stm32 9.0.1/armtools/bin/../lib/gcc/arm-atollic-eabi/6.3.1/../../../../arm-atollic-eabi/lib/armv7e-m/fpu\libc_nano.a(lib_a-malloc.o) (_malloc_r)
c:/program files (x86)/atollic/truestudio for stm32 9.0.1/armtools/bin/../lib/gcc/arm-atollic-eabi/6.3.1/../../../../arm-atollic-eabi/lib/armv7e-m/fpu\libc_nano.a(lib_a-sbrkr.o)
                              c:/program files (x86)/atollic/truestudio for stm32 9.0.1/armtools/bin/../lib/gcc/arm-atollic-eabi/6.3.1/../../../../arm-atollic-eabi/lib/armv7e-m/fpu\libc_nano.a(lib_a-nano-mallocr.o) (_sbrk_r)
c:/program files (x86)/atollic/truestudio for stm32 9.0.1/armtools/bin/../lib/gcc/arm-atollic-eabi/6.3.1/../../../../arm-atollic-eabi/lib/armv7e-m/fpu\libc_nano.a(lib_a-impure.o)
                              c:/program files (x86)/atollic/truestudio for stm32 9.0.1/armtools/bin/../lib/gcc/arm-atollic-eabi/6.3.1/../../../../arm-atollic-eabi/lib/armv7e-m/fpu\libc_nano.a(lib_a-malloc.o) (_impure_ptr)
c:/program files (x86)/atollic/truestudio for stm32 9.0.1/armtools/bin/../lib/gcc/arm-atollic-eabi/6.3.1/../../../../arm-atollic-eabi/lib/armv7e-m/fpu\libc_nano.a(lib_a-mlock.o)
                              c:/program files (x86)/atollic/truestudio for stm32 9.0.1/armtools/bin/../lib/gcc/arm-atollic-eabi/6.3.1/../../../../arm-atollic-eabi/lib/armv7e-m/fpu\libc_nano.a(lib_a-nano-freer.o) (__malloc_lock)
c:/program files (x86)/atollic/truestudio for stm32 9.0.1/armtools/bin/../lib/gcc/arm-atollic-eabi/6.3.1/../../../../arm-atollic-eabi/lib/armv7e-m/fpu\libc_nano.a(lib_a-reent.o)
                              c:/program files (x86)/atollic/truestudio for stm32 9.0.1/armtools/bin/../lib/gcc/arm-atollic-eabi/6.3.1/../../../../arm-atollic-eabi/lib/armv7e-m/fpu\libc_nano.a(lib_a-sbrkr.o) (errno)
c:/program files (x86)/atollic/truestudio for stm32 9.0.1/armtools/bin/../lib/gcc/arm-atollic-eabi/6.3.1/armv7e-m/fpu\libgcc.a(_aeabi_uldivmod.o)
                              Drivers\STM32F4xx_HAL_Driver\Src\stm32f4xx_hal_rcc.o (__aeabi_uldivmod)
c:/program files (x86)/atollic/truestudio for stm32 9.0.1/armtools/bin/../lib/gcc/arm-atollic-eabi/6.3.1/armv7e-m/fpu\libgcc.a(_udivmoddi4.o)
                              c:/program files (x86)/atollic/truestudio for stm32 9.0.1/armtools/bin/../lib/gcc/arm-atollic-eabi/6.3.1/armv7e-m/fpu\libgcc.a(_aeabi_uldivmod.o) (__udivmoddi4)
c:/program files (x86)/atollic/truestudio for stm32 9.0.1/armtools/bin/../lib/gcc/arm-atollic-eabi/6.3.1/armv7e-m/fpu\libgcc.a(_dvmd_tls.o)
                              c:/program files (x86)/atollic/truestudio for stm32 9.0.1/armtools/bin/../lib/gcc/arm-atollic-eabi/6.3.1/armv7e-m/fpu\libgcc.a(_aeabi_uldivmod.o) (__aeabi_ldiv0)
c:/program files (x86)/atollic/truestudio for stm32 9.0.1/armtools/bin/../lib/gcc/arm-atollic-eabi/6.3.1/../../../../arm-atollic-eabi/lib/armv7e-m/fpu\libnosys.a(sbrk.o)
                              c:/program files (x86)/atollic/truestudio for stm32 9.0.1/armtools/bin/../lib/gcc/arm-atollic-eabi/6.3.1/../../../../arm-atollic-eabi/lib/armv7e-m/fpu\libc_nano.a(lib_a-sbrkr.o) (_sbrk)

Allocating common symbols
Common symbol       size              file

hUsbDeviceFS        0x224             Src\usb_device.o
hUsbDevice_0        0x4               Src\usbd_custom_hid_if.o
errno               0x4               c:/program files (x86)/atollic/truestudio for stm32 9.0.1/armtools/bin/../lib/gcc/arm-atollic-eabi/6.3.1/../../../../arm-atollic-eabi/lib/armv7e-m/fpu\libc_nano.a(lib_a-reent.o)
hpcd_USB_OTG_FS     0x3f0             Src\usbd_conf.o
uwTick              0x4               Drivers\STM32F4xx_HAL_Driver\Src\stm32f4xx_hal.o
pFlash              0x20              Drivers\STM32F4xx_HAL_Driver\Src\stm32f4xx_hal_flash.o
[...]
Memory Configuration

Name             Origin             Length             Attributes
RAM              0x20000000         0x00020000         xrw
CCMRAM           0x10000000         0x00010000         rw
FLASH            0x08000000         0x00100000         xr
*default*        0x00000000         0xffffffff

Linker script and memory map

LOAD c:/program files (x86)/atollic/truestudio for stm32 9.0.1/armtools/bin/../lib/gcc/arm-atollic-eabi/6.3.1/armv7e-m/fpu/crti.o
LOAD c:/program files (x86)/atollic/truestudio for stm32 9.0.1/armtools/bin/../lib/gcc/arm-atollic-eabi/6.3.1/armv7e-m/fpu/crtbegin.o
LOAD Drivers\STM32F4xx_HAL_Driver\Src\stm32f4xx_hal.o
LOAD Drivers\STM32F4xx_HAL_Driver\Src\stm32f4xx_hal_cortex.o
LOAD Drivers\STM32F4xx_HAL_Driver\Src\stm32f4xx_hal_dma.o
LOAD Drivers\STM32F4xx_HAL_Driver\Src\stm32f4xx_hal_dma_ex.o
LOAD Drivers\STM32F4xx_HAL_Driver\Src\stm32f4xx_hal_flash.o
LOAD Drivers\STM32F4xx_HAL_Driver\Src\stm32f4xx_hal_flash_ex.o
LOAD Drivers\STM32F4xx_HAL_Driver\Src\stm32f4xx_hal_flash_ramfunc.o
LOAD Drivers\STM32F4xx_HAL_Driver\Src\stm32f4xx_hal_gpio.o
LOAD Drivers\STM32F4xx_HAL_Driver\Src\stm32f4xx_hal_i2c.o
LOAD Drivers\STM32F4xx_HAL_Driver\Src\stm32f4xx_hal_i2c_ex.o
LOAD Drivers\STM32F4xx_HAL_Driver\Src\stm32f4xx_hal_i2s.o
LOAD Drivers\STM32F4xx_HAL_Driver\Src\stm32f4xx_hal_i2s_ex.o
LOAD Drivers\STM32F4xx_HAL_Driver\Src\stm32f4xx_hal_pcd.o
LOAD Drivers\STM32F4xx_HAL_Driver\Src\stm32f4xx_hal_pcd_ex.o
LOAD Drivers\STM32F4xx_HAL_Driver\Src\stm32f4xx_hal_pwr.o
LOAD Drivers\STM32F4xx_HAL_Driver\Src\stm32f4xx_hal_pwr_ex.o
LOAD Drivers\STM32F4xx_HAL_Driver\Src\stm32f4xx_hal_rcc.o
LOAD Drivers\STM32F4xx_HAL_Driver\Src\stm32f4xx_hal_rcc_ex.o
LOAD Drivers\STM32F4xx_HAL_Driver\Src\stm32f4xx_hal_spi.o
LOAD Drivers\STM32F4xx_HAL_Driver\Src\stm32f4xx_hal_tim.o
LOAD Drivers\STM32F4xx_HAL_Driver\Src\stm32f4xx_hal_tim_ex.o
LOAD Drivers\STM32F4xx_HAL_Driver\Src\stm32f4xx_ll_usb.o
LOAD Middlewares\ST\STM32_USB_Device_Library\Class\CustomHID\Src\usbd_customhid.o
LOAD Middlewares\ST\STM32_USB_Device_Library\Core\Src\usbd_core.o
LOAD Middlewares\ST\STM32_USB_Device_Library\Core\Src\usbd_ctlreq.o
LOAD Middlewares\ST\STM32_USB_Device_Library\Core\Src\usbd_ioreq.o
LOAD Src\main.o
LOAD Src\stm32f4xx_hal_msp.o
LOAD Src\stm32f4xx_it.o
LOAD Src\system_stm32f4xx.o
LOAD Src\usb_device.o
LOAD Src\usbd_conf.o
LOAD Src\usbd_custom_hid_if.o
LOAD Src\usbd_desc.o
LOAD startup\startup_stm32f407xx.o
                0x00000080                malloc_getpagesize_P = 0x80
START GROUP
LOAD c:/program files (x86)/atollic/truestudio for stm32 9.0.1/armtools/bin/../lib/gcc/arm-atollic-eabi/6.3.1/../../../../arm-atollic-eabi/lib/armv7e-m/fpu\libc_nano.a
LOAD c:/program files (x86)/atollic/truestudio for stm32 9.0.1/armtools/bin/../lib/gcc/arm-atollic-eabi/6.3.1/../../../../arm-atollic-eabi/lib/armv7e-m/fpu\libm.a
END GROUP
START GROUP
LOAD c:/program files (x86)/atollic/truestudio for stm32 9.0.1/armtools/bin/../lib/gcc/arm-atollic-eabi/6.3.1/armv7e-m/fpu\libgcc.a
LOAD c:/program files (x86)/atollic/truestudio for stm32 9.0.1/armtools/bin/../lib/gcc/arm-atollic-eabi/6.3.1/../../../../arm-atollic-eabi/lib/armv7e-m/fpu\libc_nano.a
END GROUP
START GROUP
LOAD c:/program files (x86)/atollic/truestudio for stm32 9.0.1/armtools/bin/../lib/gcc/arm-atollic-eabi/6.3.1/armv7e-m/fpu\libgcc.a
LOAD c:/program files (x86)/atollic/truestudio for stm32 9.0.1/armtools/bin/../lib/gcc/arm-atollic-eabi/6.3.1/../../../../arm-atollic-eabi/lib/armv7e-m/fpu\libc_nano.a
LOAD c:/program files (x86)/atollic/truestudio for stm32 9.0.1/armtools/bin/../lib/gcc/arm-atollic-eabi/6.3.1/../../../../arm-atollic-eabi/lib/armv7e-m/fpu\libnosys.a
END GROUP
START GROUP
LOAD c:/program files (x86)/atollic/truestudio for stm32 9.0.1/armtools/bin/../lib/gcc/arm-atollic-eabi/6.3.1/armv7e-m/fpu\libgcc.a
LOAD c:/program files (x86)/atollic/truestudio for stm32 9.0.1/armtools/bin/../lib/gcc/arm-atollic-eabi/6.3.1/../../../../arm-atollic-eabi/lib/armv7e-m/fpu\libc_nano.a
LOAD c:/program files (x86)/atollic/truestudio for stm32 9.0.1/armtools/bin/../lib/gcc/arm-atollic-eabi/6.3.1/../../../../arm-atollic-eabi/lib/armv7e-m/fpu\libnosys.a
END GROUP
LOAD c:/program files (x86)/atollic/truestudio for stm32 9.0.1/armtools/bin/../lib/gcc/arm-atollic-eabi/6.3.1/armv7e-m/fpu/crtend.o
LOAD c:/program files (x86)/atollic/truestudio for stm32 9.0.1/armtools/bin/../lib/gcc/arm-atollic-eabi/6.3.1/armv7e-m/fpu/crtn.o
                0x20020000                _estack = 0x20020000
                0x00000200                _Min_Heap_Size = 0x200
                0x00000400                _Min_Stack_Size = 0x400

.isr_vector     0x08000000      0x188
                0x08000000                . = ALIGN (0x4)
 *(.isr_vector)
 .isr_vector    0x08000000      0x188 startup\startup_stm32f407xx.o
                0x08000000                g_pfnVectors
                0x08000188                . = ALIGN (0x4)

.text           0x08000188     0x2ea4
                0x08000188                . = ALIGN (0x4)
 *(.text)
 .text          0x08000188       0x40 c:/program files (x86)/atollic/truestudio for stm32 9.0.1/armtools/bin/../lib/gcc/arm-atollic-eabi/6.3.1/armv7e-m/fpu/crtbegin.o
 .text          0x080001c8       0x30 c:/program files (x86)/atollic/truestudio for stm32 9.0.1/armtools/bin/../lib/gcc/arm-atollic-eabi/6.3.1/armv7e-m/fpu\libgcc.a(_aeabi_uldivmod.o)
                0x080001c8                __aeabi_uldivmod
 .text          0x080001f8      0x2dc c:/program files (x86)/atollic/truestudio for stm32 9.0.1/armtools/bin/../lib/gcc/arm-atollic-eabi/6.3.1/armv7e-m/fpu\libgcc.a(_udivmoddi4.o)
                0x080001f8                __udivmoddi4
 .text          0x080004d4        0x4 c:/program files (x86)/atollic/truestudio for stm32 9.0.1/armtools/bin/../lib/gcc/arm-atollic-eabi/6.3.1/armv7e-m/fpu\libgcc.a(_dvmd_tls.o)
                0x080004d4                __aeabi_idiv0
                0x080004d4                __aeabi_ldiv0
 *(.text*)
 .text.HAL_InitTick
                0x080004d8       0x48 Drivers\STM32F4xx_HAL_Driver\Src\stm32f4xx_hal.o
                0x080004d8                HAL_InitTick
 .text.HAL_Init
                0x08000520       0x34 Drivers\STM32F4xx_HAL_Driver\Src\stm32f4xx_hal.o
                0x08000520                HAL_Init
 .text.HAL_IncTick
                0x08000554       0x18 Drivers\STM32F4xx_HAL_Driver\Src\stm32f4xx_hal.o
                0x08000554                HAL_IncTick
 .text.HAL_GetTick
                0x0800056c        0xc Drivers\STM32F4xx_HAL_Driver\Src\stm32f4xx_hal.o
                0x0800056c                HAL_GetTick
 .text.HAL_Delay
                0x08000578       0x28 Drivers\STM32F4xx_HAL_Driver\Src\stm32f4xx_hal.o
                0x08000578                HAL_Delay
 .text.HAL_NVIC_SetPriorityGrouping
                0x080005a0       0x24 Drivers\STM32F4xx_HAL_Driver\Src\stm32f4xx_hal_cortex.o
                0x080005a0                HAL_NVIC_SetPriorityGrouping
 .text.HAL_NVIC_SetPriority
                0x080005c4       0x68 Drivers\STM32F4xx_HAL_Driver\Src\stm32f4xx_hal_cortex.o
                0x080005c4                HAL_NVIC_SetPriority
 .text.HAL_NVIC_EnableIRQ
                0x0800062c       0x18 Drivers\STM32F4xx_HAL_Driver\Src\stm32f4xx_hal_cortex.o
                0x0800062c                HAL_NVIC_EnableIRQ
 .text.HAL_SYSTICK_Config
                0x08000644       0x2c Drivers\STM32F4xx_HAL_Driver\Src\stm32f4xx_hal_cortex.o
                0x08000644                HAL_SYSTICK_Config
 .text.HAL_SYSTICK_CLKSourceConfig
                0x08000670       0x18 Drivers\STM32F4xx_HAL_Driver\Src\stm32f4xx_hal_cortex.o
                0x08000670                HAL_SYSTICK_CLKSourceConfig
 .text.HAL_SYSTICK_Callback
                0x08000688        0x2 Drivers\STM32F4xx_HAL_Driver\Src\stm32f4xx_hal_cortex.o
                0x08000688                HAL_SYSTICK_Callback
 .text.HAL_SYSTICK_IRQHandler
                0x0800068a        0x8 Drivers\STM32F4xx_HAL_Driver\Src\stm32f4xx_hal_cortex.o
                0x0800068a                HAL_SYSTICK_IRQHandler
 *fill*         0x08000692        0x2 
 .text.HAL_GPIO_Init
                0x08000694      0x1c0 Drivers\STM32F4xx_HAL_Driver\Src\stm32f4xx_hal_gpio.o
                0x08000694                HAL_GPIO_Init
 .text.HAL_GPIO_ReadPin
                0x08000854        0xc Drivers\STM32F4xx_HAL_Driver\Src\stm32f4xx_hal_gpio.o
                0x08000854                HAL_GPIO_ReadPin
 .text.HAL_GPIO_WritePin
                0x08000860        0xa Drivers\STM32F4xx_HAL_Driver\Src\stm32f4xx_hal_gpio.o
                0x08000860                HAL_GPIO_WritePin
 .text.HAL_PCD_Init
                0x0800086a       0xd8 Drivers\STM32F4xx_HAL_Driver\Src\stm32f4xx_hal_pcd.o
                0x0800086a                HAL_PCD_Init
 .text.HAL_PCD_Start
                0x08000942       0x2a Drivers\STM32F4xx_HAL_Driver\Src\stm32f4xx_hal_pcd.o
                0x08000942                HAL_PCD_Start
 .text.HAL_PCD_IRQHandler
                0x0800096c      0x558 Drivers\STM32F4xx_HAL_Driver\Src\stm32f4xx_hal_pcd.o
                0x0800096c                HAL_PCD_IRQHandler
 .text.HAL_PCD_SetAddress
                0x08000ec4       0x24 Drivers\STM32F4xx_HAL_Driver\Src\stm32f4xx_hal_pcd.o
                0x08000ec4                HAL_PCD_SetAddress
 .text.HAL_PCD_EP_Open
                0x08000ee8       0x5c Drivers\STM32F4xx_HAL_Driver\Src\stm32f4xx_hal_pcd.o
                0x08000ee8                HAL_PCD_EP_Open
 .text.HAL_PCD_EP_Close
                0x08000f44       0x46 Drivers\STM32F4xx_HAL_Driver\Src\stm32f4xx_hal_pcd.o
                0x08000f44                HAL_PCD_EP_Close
 .text.HAL_PCD_EP_Receive
                0x08000f8a       0x48 Drivers\STM32F4xx_HAL_Driver\Src\stm32f4xx_hal_pcd.o
                0x08000f8a                HAL_PCD_EP_Receive
 .text.HAL_PCD_EP_Transmit
                0x08000fd2       0x40 Drivers\STM32F4xx_HAL_Driver\Src\stm32f4xx_hal_pcd.o
                0x08000fd2                HAL_PCD_EP_Transmit
 .text.HAL_PCD_EP_SetStall
                0x08001012       0x58 Drivers\STM32F4xx_HAL_Driver\Src\stm32f4xx_hal_pcd.o
                0x08001012                HAL_PCD_EP_SetStall
 .text.HAL_PCD_EP_ClrStall
                0x0800106a       0x4a Drivers\STM32F4xx_HAL_Driver\Src\stm32f4xx_hal_pcd.o
                0x0800106a                HAL_PCD_EP_ClrStall
 .text.HAL_PCDEx_SetTxFiFo
                0x080010b4       0x42 Drivers\STM32F4xx_HAL_Driver\Src\stm32f4xx_hal_pcd_ex.o
                0x080010b4                HAL_PCDEx_SetTxFiFo
 .text.HAL_PCDEx_SetRxFiFo
                0x080010f6        0x8 Drivers\STM32F4xx_HAL_Driver\Src\stm32f4xx_hal_pcd_ex.o
                0x080010f6                HAL_PCDEx_SetRxFiFo
 *fill*         0x080010fe        0x2 
 .text.HAL_RCC_OscConfig
                0x08001100      0x304 Drivers\STM32F4xx_HAL_Driver\Src\stm32f4xx_hal_rcc.o
                0x08001100                HAL_RCC_OscConfig
 .text.HAL_RCC_GetSysClockFreq
                0x08001404       0x5c Drivers\STM32F4xx_HAL_Driver\Src\stm32f4xx_hal_rcc.o
                0x08001404                HAL_RCC_GetSysClockFreq
 .text.HAL_RCC_ClockConfig
                0x08001460      0x134 Drivers\STM32F4xx_HAL_Driver\Src\stm32f4xx_hal_rcc.o
                0x08001460                HAL_RCC_ClockConfig
 .text.HAL_RCC_GetHCLKFreq
                0x08001594        0xc Drivers\STM32F4xx_HAL_Driver\Src\stm32f4xx_hal_rcc.o
                0x08001594                HAL_RCC_GetHCLKFreq
 .text.USB_CoreInit
                0x080015a0       0x74 Drivers\STM32F4xx_HAL_Driver\Src\stm32f4xx_ll_usb.o
                0x080015a0                USB_CoreInit
 .text.USB_EnableGlobalInt
                0x08001614        0xc Drivers\STM32F4xx_HAL_Driver\Src\stm32f4xx_ll_usb.o
                0x08001614                USB_EnableGlobalInt
 .text.USB_DisableGlobalInt
                0x08001620        0xc Drivers\STM32F4xx_HAL_Driver\Src\stm32f4xx_ll_usb.o
                0x08001620                USB_DisableGlobalInt
 .text.USB_SetCurrentMode
                0x0800162c       0x2e Drivers\STM32F4xx_HAL_Driver\Src\stm32f4xx_ll_usb.o
                0x0800162c                USB_SetCurrentMode
 *fill*         0x0800165a        0x2 
 .text.USB_DevInit
                0x0800165c      0x138 Drivers\STM32F4xx_HAL_Driver\Src\stm32f4xx_ll_usb.o
                0x0800165c                USB_DevInit
 .text.USB_FlushTxFifo
                0x08001794       0x24 Drivers\STM32F4xx_HAL_Driver\Src\stm32f4xx_ll_usb.o
                0x08001794                USB_FlushTxFifo
 .text.USB_FlushRxFifo
                0x080017b8       0x20 Drivers\STM32F4xx_HAL_Driver\Src\stm32f4xx_ll_usb.o
                0x080017b8                USB_FlushRxFifo
 .text.USB_SetDevSpeed
                0x080017d8        0xe Drivers\STM32F4xx_HAL_Driver\Src\stm32f4xx_ll_usb.o
                0x080017d8                USB_SetDevSpeed
 .text.USB_GetDevSpeed
                0x080017e6       0x36 Drivers\STM32F4xx_HAL_Driver\Src\stm32f4xx_ll_usb.o
                0x080017e6                USB_GetDevSpeed
 .text.USB_ActivateEndpoint
                0x0800181c       0x7e Drivers\STM32F4xx_HAL_Driver\Src\stm32f4xx_ll_usb.o
                0x0800181c                USB_ActivateEndpoint
 .text.USB_DeactivateEndpoint
                0x0800189a        0x4 Drivers\STM32F4xx_HAL_Driver\Src\stm32f4xx_ll_usb.o
                0x0800189a                USB_DeactivateEndpoint
 *fill*         0x0800189e        0x2 
 .text.USB_DeactivateDedicatedEndpoint
                0x080018a0       0xb0 Drivers\STM32F4xx_HAL_Driver\Src\stm32f4xx_ll_usb.o
                0x080018a0                USB_DeactivateDedicatedEndpoint
 .text.USB_EPStartXfer
                0x08001950      0x18c Drivers\STM32F4xx_HAL_Driver\Src\stm32f4xx_ll_usb.o
                0x08001950                USB_EPStartXfer
 .text.USB_EP0StartXfer
                0x08001adc       0xda Drivers\STM32F4xx_HAL_Driver\Src\stm32f4xx_ll_usb.o
                0x08001adc                USB_EP0StartXfer
 .text.USB_WritePacket
                0x08001bb6       0x28 Drivers\STM32F4xx_HAL_Driver\Src\stm32f4xx_ll_usb.o
                0x08001bb6                USB_WritePacket
 .text.USB_ReadPacket
                0x08001bde       0x1c Drivers\STM32F4xx_HAL_Driver\Src\stm32f4xx_ll_usb.o
                0x08001bde                USB_ReadPacket
 .text.USB_EPSetStall
                0x08001bfa       0x3e Drivers\STM32F4xx_HAL_Driver\Src\stm32f4xx_ll_usb.o
                0x08001bfa                USB_EPSetStall
 .text.USB_EPClearStall
                0x08001c38       0x32 Drivers\STM32F4xx_HAL_Driver\Src\stm32f4xx_ll_usb.o
                0x08001c38                USB_EPClearStall
 .text.USB_SetDevAddress
                0x08001c6a       0x20 Drivers\STM32F4xx_HAL_Driver\Src\stm32f4xx_ll_usb.o
                0x08001c6a                USB_SetDevAddress
 .text.USB_DevConnect
                0x08001c8a       0x18 Drivers\STM32F4xx_HAL_Driver\Src\stm32f4xx_ll_usb.o
                0x08001c8a                USB_DevConnect
 .text.USB_DevDisconnect
                0x08001ca2       0x18 Drivers\STM32F4xx_HAL_Driver\Src\stm32f4xx_ll_usb.o
                0x08001ca2                USB_DevDisconnect
 .text.USB_ReadInterrupts
                0x08001cba        0x8 Drivers\STM32F4xx_HAL_Driver\Src\stm32f4xx_ll_usb.o
                0x08001cba                USB_ReadInterrupts
 .text.USB_ReadDevAllOutEpInterrupt
                0x08001cc2       0x10 Drivers\STM32F4xx_HAL_Driver\Src\stm32f4xx_ll_usb.o
                0x08001cc2                USB_ReadDevAllOutEpInterrupt
 .text.USB_ReadDevAllInEpInterrupt
                0x08001cd2       0x10 Drivers\STM32F4xx_HAL_Driver\Src\stm32f4xx_ll_usb.o
                0x08001cd2                USB_ReadDevAllInEpInterrupt
 .text.USB_ReadDevOutEPInterrupt
                0x08001ce2       0x14 Drivers\STM32F4xx_HAL_Driver\Src\stm32f4xx_ll_usb.o
                0x08001ce2                USB_ReadDevOutEPInterrupt
 .text.USB_ReadDevInEPInterrupt
                0x08001cf6       0x20 Drivers\STM32F4xx_HAL_Driver\Src\stm32f4xx_ll_usb.o
                0x08001cf6                USB_ReadDevInEPInterrupt
 .text.USB_GetMode
                0x08001d16        0x8 Drivers\STM32F4xx_HAL_Driver\Src\stm32f4xx_ll_usb.o
                0x08001d16                USB_GetMode
 .text.USB_ActivateSetup
                0x08001d1e       0x36 Drivers\STM32F4xx_HAL_Driver\Src\stm32f4xx_ll_usb.o
                0x08001d1e                USB_ActivateSetup
 .text.USB_EP0_OutStart
                0x08001d54       0x46 Drivers\STM32F4xx_HAL_Driver\Src\stm32f4xx_ll_usb.o
                0x08001d54                USB_EP0_OutStart
 *fill*         0x08001d9a        0x2 
 .text.USB_CoreReset
                0x08001d9c       0x30 Drivers\STM32F4xx_HAL_Driver\Src\stm32f4xx_ll_usb.o
 .text.USBD_CUSTOM_HID_GetCfgDesc
                0x08001dcc        0xc Middlewares\ST\STM32_USB_Device_Library\Class\CustomHID\Src\usbd_customhid.o
 .text.USBD_CUSTOM_HID_DataIn
                0x08001dd8        0xc Middlewares\ST\STM32_USB_Device_Library\Class\CustomHID\Src\usbd_customhid.o
 .text.USBD_CUSTOM_HID_EP0_RxReady
                0x08001de4       0x20 Middlewares\ST\STM32_USB_Device_Library\Class\CustomHID\Src\usbd_customhid.o
 .text.USBD_CUSTOM_HID_GetDeviceQualifierDesc
                0x08001e04        0xc Middlewares\ST\STM32_USB_Device_Library\Class\CustomHID\Src\usbd_customhid.o
 .text.USBD_CUSTOM_HID_DataOut
                0x08001e10       0x24 Middlewares\ST\STM32_USB_Device_Library\Class\CustomHID\Src\usbd_customhid.o
 .text.USBD_CUSTOM_HID_Setup
                0x08001e34       0xc0 Middlewares\ST\STM32_USB_Device_Library\Class\CustomHID\Src\usbd_customhid.o
 .text.USBD_CUSTOM_HID_DeInit
                0x08001ef4       0x32 Middlewares\ST\STM32_USB_Device_Library\Class\CustomHID\Src\usbd_customhid.o
 .text.USBD_CUSTOM_HID_Init
                0x08001f26       0x4a Middlewares\ST\STM32_USB_Device_Library\Class\CustomHID\Src\usbd_customhid.o
 .text.USBD_CUSTOM_HID_SendReport
                0x08001f70       0x28 Middlewares\ST\STM32_USB_Device_Library\Class\CustomHID\Src\usbd_customhid.o
                0x08001f70                USBD_CUSTOM_HID_SendReport
 .text.USBD_CUSTOM_HID_RegisterInterface
                0x08001f98        0xe Middlewares\ST\STM32_USB_Device_Library\Class\CustomHID\Src\usbd_customhid.o
                0x08001f98                USBD_CUSTOM_HID_RegisterInterface
 .text.USBD_Init
                0x08001fa6       0x2a Middlewares\ST\STM32_USB_Device_Library\Core\Src\usbd_core.o
                0x08001fa6                USBD_Init
 .text.USBD_RegisterClass
                0x08001fd0        0xe Middlewares\ST\STM32_USB_Device_Library\Core\Src\usbd_core.o
                0x08001fd0                USBD_RegisterClass
 .text.USBD_Start
                0x08001fde        0xa Middlewares\ST\STM32_USB_Device_Library\Core\Src\usbd_core.o
                0x08001fde                USBD_Start
 .text.USBD_SetClassConfig
                0x08001fe8       0x16 Middlewares\ST\STM32_USB_Device_Library\Core\Src\usbd_core.o
                0x08001fe8                USBD_SetClassConfig
 .text.USBD_ClrClassConfig
                0x08001ffe        0xe Middlewares\ST\STM32_USB_Device_Library\Core\Src\usbd_core.o
                0x08001ffe                USBD_ClrClassConfig
 .text.USBD_LL_SetupStage
                0x0800200c       0x5a Middlewares\ST\STM32_USB_Device_Library\Core\Src\usbd_core.o
                0x0800200c                USBD_LL_SetupStage
 .text.USBD_LL_DataOutStage
                0x08002066       0x64 Middlewares\ST\STM32_USB_Device_Library\Core\Src\usbd_core.o
                0x08002066                USBD_LL_DataOutStage
 .text.USBD_LL_DataInStage
                0x080020ca       0x9e Middlewares\ST\STM32_USB_Device_Library\Core\Src\usbd_core.o
                0x080020ca                USBD_LL_DataInStage
 .text.USBD_LL_Reset
                0x08002168       0x3e Middlewares\ST\STM32_USB_Device_Library\Core\Src\usbd_core.o
                0x08002168                USBD_LL_Reset
 .text.USBD_LL_SetSpeed
                0x080021a6        0x6 Middlewares\ST\STM32_USB_Device_Library\Core\Src\usbd_core.o
                0x080021a6                USBD_LL_SetSpeed
 .text.USBD_LL_Suspend
                0x080021ac       0x12 Middlewares\ST\STM32_USB_Device_Library\Core\Src\usbd_core.o
                0x080021ac                USBD_LL_Suspend
 .text.USBD_LL_Resume
                0x080021be        0xc Middlewares\ST\STM32_USB_Device_Library\Core\Src\usbd_core.o
                0x080021be                USBD_LL_Resume
 .text.USBD_LL_SOF
                0x080021ca       0x18 Middlewares\ST\STM32_USB_Device_Library\Core\Src\usbd_core.o
                0x080021ca                USBD_LL_SOF
 .text.USBD_LL_IsoINIncomplete
                0x080021e2        0x4 Middlewares\ST\STM32_USB_Device_Library\Core\Src\usbd_core.o
                0x080021e2                USBD_LL_IsoINIncomplete
 .text.USBD_LL_IsoOUTIncomplete
                0x080021e6        0x4 Middlewares\ST\STM32_USB_Device_Library\Core\Src\usbd_core.o
                0x080021e6                USBD_LL_IsoOUTIncomplete
 .text.USBD_LL_DevConnected
                0x080021ea        0x4 Middlewares\ST\STM32_USB_Device_Library\Core\Src\usbd_core.o
                0x080021ea                USBD_LL_DevConnected
 .text.USBD_LL_DevDisconnected
                0x080021ee       0x16 Middlewares\ST\STM32_USB_Device_Library\Core\Src\usbd_core.o
                0x080021ee                USBD_LL_DevDisconnected
 .text.USBD_CtlError.constprop.0
                0x08002204       0x16 Middlewares\ST\STM32_USB_Device_Library\Core\Src\usbd_ctlreq.o
 *fill*         0x0800221a        0x2 
 .text.USBD_StdDevReq
                0x0800221c      0x1f4 Middlewares\ST\STM32_USB_Device_Library\Core\Src\usbd_ctlreq.o
                0x0800221c                USBD_StdDevReq
 .text.USBD_StdItfReq
                0x08002410       0x30 Middlewares\ST\STM32_USB_Device_Library\Core\Src\usbd_ctlreq.o
                0x08002410                USBD_StdItfReq
 .text.USBD_StdEPReq
                0x08002440       0xc6 Middlewares\ST\STM32_USB_Device_Library\Core\Src\usbd_ctlreq.o
                0x08002440                USBD_StdEPReq
 .text.USBD_ParseSetupRequest
                0x08002506       0x28 Middlewares\ST\STM32_USB_Device_Library\Core\Src\usbd_ctlreq.o
                0x08002506                USBD_ParseSetupRequest
 .text.USBD_CtlError
                0x0800252e       0x16 Middlewares\ST\STM32_USB_Device_Library\Core\Src\usbd_ctlreq.o
                0x0800252e                USBD_CtlError
 .text.USBD_GetString
                0x08002544       0x38 Middlewares\ST\STM32_USB_Device_Library\Core\Src\usbd_ctlreq.o
                0x08002544                USBD_GetString
 .text.USBD_CtlSendData
                0x0800257c       0x1a Middlewares\ST\STM32_USB_Device_Library\Core\Src\usbd_ioreq.o
                0x0800257c                USBD_CtlSendData
 .text.USBD_CtlContinueSendData
                0x08002596       0x10 Middlewares\ST\STM32_USB_Device_Library\Core\Src\usbd_ioreq.o
                0x08002596                USBD_CtlContinueSendData
 .text.USBD_CtlPrepareRx
                0x080025a6       0x1e Middlewares\ST\STM32_USB_Device_Library\Core\Src\usbd_ioreq.o
                0x080025a6                USBD_CtlPrepareRx
 .text.USBD_CtlContinueRx
                0x080025c4       0x10 Middlewares\ST\STM32_USB_Device_Library\Core\Src\usbd_ioreq.o
                0x080025c4                USBD_CtlContinueRx
 .text.USBD_CtlSendStatus
                0x080025d4       0x16 Middlewares\ST\STM32_USB_Device_Library\Core\Src\usbd_ioreq.o
                0x080025d4                USBD_CtlSendStatus
 .text.USBD_CtlReceiveStatus
                0x080025ea       0x16 Middlewares\ST\STM32_USB_Device_Library\Core\Src\usbd_ioreq.o
                0x080025ea                USBD_CtlReceiveStatus
 .text.SystemClock_Config
                0x08002600       0xa8 Src\main.o
                0x08002600                SystemClock_Config
 .text.startup.main
                0x080026a8      0x25c Src\main.o
                0x080026a8                main
 .text._Error_Handler
                0x08002904        0x2 Src\main.o
                0x08002904                _Error_Handler
 *fill*         0x08002906        0x2 
 .text.HAL_MspInit
                0x08002908       0x90 Src\stm32f4xx_hal_msp.o
                0x08002908                HAL_MspInit
 .text.NMI_Handler
                0x08002998        0x2 Src\stm32f4xx_it.o
                0x08002998                NMI_Handler
 .text.HardFault_Handler
                0x0800299a        0x2 Src\stm32f4xx_it.o
                0x0800299a                HardFault_Handler
 .text.MemManage_Handler
                0x0800299c        0x2 Src\stm32f4xx_it.o
                0x0800299c                MemManage_Handler
 .text.BusFault_Handler
                0x0800299e        0x2 Src\stm32f4xx_it.o
                0x0800299e                BusFault_Handler
 .text.UsageFault_Handler
                0x080029a0        0x2 Src\stm32f4xx_it.o
                0x080029a0                UsageFault_Handler
 .text.SVC_Handler
                0x080029a2        0x2 Src\stm32f4xx_it.o
                0x080029a2                SVC_Handler
 .text.DebugMon_Handler
                0x080029a4        0x2 Src\stm32f4xx_it.o
                0x080029a4                DebugMon_Handler
 .text.PendSV_Handler
                0x080029a6        0x2 Src\stm32f4xx_it.o
                0x080029a6                PendSV_Handler
 .text.SysTick_Handler
                0x080029a8        0xe Src\stm32f4xx_it.o
                0x080029a8                SysTick_Handler
 *fill*         0x080029b6        0x2 
 .text.OTG_FS_IRQHandler
                0x080029b8        0xc Src\stm32f4xx_it.o
                0x080029b8                OTG_FS_IRQHandler
 .text.SystemInit
                0x080029c4       0x4c Src\system_stm32f4xx.o
                0x080029c4                SystemInit
 .text.MX_USB_DEVICE_Init
                0x08002a10       0x38 Src\usb_device.o
                0x08002a10                MX_USB_DEVICE_Init
 .text.HAL_PCD_MspInit
                0x08002a48       0x74 Src\usbd_conf.o
                0x08002a48                HAL_PCD_MspInit
 .text.HAL_PCD_SetupStageCallback
                0x08002abc        0xc Src\usbd_conf.o
                0x08002abc                HAL_PCD_SetupStageCallback
 .text.HAL_PCD_DataOutStageCallback
                0x08002ac8       0x12 Src\usbd_conf.o
                0x08002ac8                HAL_PCD_DataOutStageCallback
 .text.HAL_PCD_DataInStageCallback
                0x08002ada       0x10 Src\usbd_conf.o
                0x08002ada                HAL_PCD_DataInStageCallback
 .text.HAL_PCD_SOFCallback
                0x08002aea        0x8 Src\usbd_conf.o
                0x08002aea                HAL_PCD_SOFCallback
 .text.HAL_PCD_ResetCallback
                0x08002af2       0x20 Src\usbd_conf.o
                0x08002af2                HAL_PCD_ResetCallback
 *fill*         0x08002b12        0x2 
 .text.HAL_PCD_SuspendCallback
                0x08002b14       0x30 Src\usbd_conf.o
                0x08002b14                HAL_PCD_SuspendCallback
 .text.HAL_PCD_ResumeCallback
                0x08002b44        0x8 Src\usbd_conf.o
                0x08002b44                HAL_PCD_ResumeCallback
 .text.HAL_PCD_ISOOUTIncompleteCallback
                0x08002b4c        0x8 Src\usbd_conf.o
                0x08002b4c                HAL_PCD_ISOOUTIncompleteCallback
 .text.HAL_PCD_ISOINIncompleteCallback
                0x08002b54        0x8 Src\usbd_conf.o
                0x08002b54                HAL_PCD_ISOINIncompleteCallback
 .text.HAL_PCD_ConnectCallback
                0x08002b5c        0x8 Src\usbd_conf.o
                0x08002b5c                HAL_PCD_ConnectCallback
 .text.HAL_PCD_DisconnectCallback
                0x08002b64        0x8 Src\usbd_conf.o
                0x08002b64                HAL_PCD_DisconnectCallback
 .text.USBD_LL_Init
                0x08002b6c       0x68 Src\usbd_conf.o
                0x08002b6c                USBD_LL_Init
 .text.USBD_LL_Start
                0x08002bd4       0x1c Src\usbd_conf.o
                0x08002bd4                USBD_LL_Start
 .text.USBD_LL_OpenEP
                0x08002bf0       0x20 Src\usbd_conf.o
                0x08002bf0                USBD_LL_OpenEP
 .text.USBD_LL_CloseEP
                0x08002c10       0x1c Src\usbd_conf.o
                0x08002c10                USBD_LL_CloseEP
 .text.USBD_LL_StallEP
                0x08002c2c       0x1c Src\usbd_conf.o
                0x08002c2c                USBD_LL_StallEP
 .text.USBD_LL_ClearStallEP
                0x08002c48       0x1c Src\usbd_conf.o
                0x08002c48                USBD_LL_ClearStallEP
 .text.USBD_LL_IsStallEP
                0x08002c64       0x26 Src\usbd_conf.o
                0x08002c64                USBD_LL_IsStallEP
 *fill*         0x08002c8a        0x2 
 .text.USBD_LL_SetUSBAddress
                0x08002c8c       0x1c Src\usbd_conf.o
                0x08002c8c                USBD_LL_SetUSBAddress
 .text.USBD_LL_Transmit
                0x08002ca8       0x1c Src\usbd_conf.o
                0x08002ca8                USBD_LL_Transmit
 .text.USBD_LL_PrepareReceive
                0x08002cc4       0x1c Src\usbd_conf.o
                0x08002cc4                USBD_LL_PrepareReceive
 .text.CUSTOM_HID_Init_FS
                0x08002ce0       0x14 Src\usbd_custom_hid_if.o
 .text.CUSTOM_HID_DeInit_FS
                0x08002cf4        0x4 Src\usbd_custom_hid_if.o
 .text.CUSTOM_HID_OutEvent_FS
                0x08002cf8       0x24 Src\usbd_custom_hid_if.o
 .text.USBD_FS_DeviceDescriptor
                0x08002d1c        0xc Src\usbd_desc.o
                0x08002d1c                USBD_FS_DeviceDescriptor
 .text.USBD_FS_LangIDStrDescriptor
                0x08002d28        0xc Src\usbd_desc.o
                0x08002d28                USBD_FS_LangIDStrDescriptor
 .text.USBD_FS_ManufacturerStrDescriptor
                0x08002d34       0x1c Src\usbd_desc.o
                0x08002d34                USBD_FS_ManufacturerStrDescriptor
 .text.USBD_FS_ProductStrDescriptor
                0x08002d50       0x1c Src\usbd_desc.o
                0x08002d50                USBD_FS_ProductStrDescriptor
 .text.USBD_FS_SerialStrDescriptor
                0x08002d6c       0x1c Src\usbd_desc.o
                0x08002d6c                USBD_FS_SerialStrDescriptor
 .text.USBD_FS_ConfigStrDescriptor
                0x08002d88       0x1c Src\usbd_desc.o
                0x08002d88                USBD_FS_ConfigStrDescriptor
 .text.USBD_FS_InterfaceStrDescriptor
                0x08002da4       0x1c Src\usbd_desc.o
                0x08002da4                USBD_FS_InterfaceStrDescriptor
 .text.Reset_Handler
                0x08002dc0       0x50 startup\startup_stm32f407xx.o
                0x08002dc0                Reset_Handler
 .text.Default_Handler
                0x08002e10        0x2 startup\startup_stm32f407xx.o
                0x08002e10                RTC_Alarm_IRQHandler
                0x08002e10                HASH_RNG_IRQHandler
                0x08002e10                EXTI2_IRQHandler
                0x08002e10                TIM8_CC_IRQHandler
                0x08002e10                TIM1_CC_IRQHandler
                0x08002e10                DMA2_Stream5_IRQHandler
                0x08002e10                DMA1_Stream5_IRQHandler
                0x08002e10                PVD_IRQHandler
                0x08002e10                SDIO_IRQHandler
                0x08002e10                TAMP_STAMP_IRQHandler
                0x08002e10                CAN2_RX1_IRQHandler
                0x08002e10                EXTI3_IRQHandler
                0x08002e10                TIM8_TRG_COM_TIM14_IRQHandler
                0x08002e10                TIM1_UP_TIM10_IRQHandler
                0x08002e10                TIM8_UP_TIM13_IRQHandler
                0x08002e10                I2C3_ER_IRQHandler
                0x08002e10                EXTI0_IRQHandler
                0x08002e10                I2C2_EV_IRQHandler
                0x08002e10                DMA1_Stream2_IRQHandler
                0x08002e10                CAN1_RX0_IRQHandler
                0x08002e10                FPU_IRQHandler
                0x08002e10                OTG_HS_WKUP_IRQHandler
                0x08002e10                CAN2_SCE_IRQHandler
                0x08002e10                DMA2_Stream2_IRQHandler
                0x08002e10                SPI1_IRQHandler
                0x08002e10                TIM6_DAC_IRQHandler
                0x08002e10                TIM1_BRK_TIM9_IRQHandler
                0x08002e10                DCMI_IRQHandler
                0x08002e10                CAN2_RX0_IRQHandler
                0x08002e10                DMA2_Stream3_IRQHandler
                0x08002e10                USART6_IRQHandler
                0x08002e10                USART3_IRQHandler
                0x08002e10                CAN1_RX1_IRQHandler
                0x08002e10                UART5_IRQHandler
                0x08002e10                DMA2_Stream0_IRQHandler
                0x08002e10                TIM4_IRQHandler
                0x08002e10                I2C1_EV_IRQHandler
                0x08002e10                DMA1_Stream6_IRQHandler
                0x08002e10                DMA1_Stream1_IRQHandler
                0x08002e10                UART4_IRQHandler
                0x08002e10                TIM3_IRQHandler
                0x08002e10                RCC_IRQHandler
                0x08002e10                TIM8_BRK_TIM12_IRQHandler
                0x08002e10                Default_Handler
                0x08002e10                EXTI15_10_IRQHandler
                0x08002e10                ADC_IRQHandler
                0x08002e10                DMA1_Stream7_IRQHandler
                0x08002e10                TIM7_IRQHandler
                0x08002e10                CAN2_TX_IRQHandler
                0x08002e10                TIM5_IRQHandler
                0x08002e10                DMA2_Stream7_IRQHandler
                0x08002e10                I2C3_EV_IRQHandler
                0x08002e10                EXTI9_5_IRQHandler
                0x08002e10                RTC_WKUP_IRQHandler
                0x08002e10                ETH_WKUP_IRQHandler
                0x08002e10                SPI2_IRQHandler
                0x08002e10                OTG_HS_EP1_IN_IRQHandler
                0x08002e10                DMA1_Stream0_IRQHandler
                0x08002e10                CAN1_TX_IRQHandler
                0x08002e10                EXTI4_IRQHandler
                0x08002e10                FSMC_IRQHandler
                0x08002e10                ETH_IRQHandler
                0x08002e10                OTG_HS_EP1_OUT_IRQHandler
                0x08002e10                WWDG_IRQHandler
                0x08002e10                TIM2_IRQHandler
                0x08002e10                OTG_FS_WKUP_IRQHandler
                0x08002e10                TIM1_TRG_COM_TIM11_IRQHandler
                0x08002e10                OTG_HS_IRQHandler
                0x08002e10                EXTI1_IRQHandler
                0x08002e10                USART2_IRQHandler
                0x08002e10                I2C2_ER_IRQHandler
                0x08002e10                DMA2_Stream1_IRQHandler
                0x08002e10                CAN1_SCE_IRQHandler
                0x08002e10                FLASH_IRQHandler
                0x08002e10                DMA2_Stream4_IRQHandler
                0x08002e10                USART1_IRQHandler
                0x08002e10                SPI3_IRQHandler
                0x08002e10                DMA1_Stream4_IRQHandler
                0x08002e10                I2C1_ER_IRQHandler
                0x08002e10                DMA2_Stream6_IRQHandler
                0x08002e10                DMA1_Stream3_IRQHandler
 *fill*         0x08002e12        0x2 
 .text.__libc_init_array
                0x08002e14       0x48 c:/program files (x86)/atollic/truestudio for stm32 9.0.1/armtools/bin/../lib/gcc/arm-atollic-eabi/6.3.1/../../../../arm-atollic-eabi/lib/armv7e-m/fpu\libc_nano.a(lib_a-init.o)
                0x08002e14                __libc_init_array
 .text.malloc   0x08002e5c       0x10 c:/program files (x86)/atollic/truestudio for stm32 9.0.1/armtools/bin/../lib/gcc/arm-atollic-eabi/6.3.1/../../../../arm-atollic-eabi/lib/armv7e-m/fpu\libc_nano.a(lib_a-malloc.o)
                0x08002e5c                malloc
 .text.free     0x08002e6c       0x10 c:/program files (x86)/atollic/truestudio for stm32 9.0.1/armtools/bin/../lib/gcc/arm-atollic-eabi/6.3.1/../../../../arm-atollic-eabi/lib/armv7e-m/fpu\libc_nano.a(lib_a-malloc.o)
                0x08002e6c                free
 .text._free_r  0x08002e7c       0x9c c:/program files (x86)/atollic/truestudio for stm32 9.0.1/armtools/bin/../lib/gcc/arm-atollic-eabi/6.3.1/../../../../arm-atollic-eabi/lib/armv7e-m/fpu\libc_nano.a(lib_a-nano-freer.o)
                0x08002e7c                _free_r
 .text._malloc_r
                0x08002f18       0xbc c:/program files (x86)/atollic/truestudio for stm32 9.0.1/armtools/bin/../lib/gcc/arm-atollic-eabi/6.3.1/../../../../arm-atollic-eabi/lib/armv7e-m/fpu\libc_nano.a(lib_a-nano-mallocr.o)
                0x08002f18                _malloc_r
 .text._sbrk_r  0x08002fd4       0x20 c:/program files (x86)/atollic/truestudio for stm32 9.0.1/armtools/bin/../lib/gcc/arm-atollic-eabi/6.3.1/../../../../arm-atollic-eabi/lib/armv7e-m/fpu\libc_nano.a(lib_a-sbrkr.o)
                0x08002fd4                _sbrk_r
 .text.__malloc_lock
                0x08002ff4        0x2 c:/program files (x86)/atollic/truestudio for stm32 9.0.1/armtools/bin/../lib/gcc/arm-atollic-eabi/6.3.1/../../../../arm-atollic-eabi/lib/armv7e-m/fpu\libc_nano.a(lib_a-mlock.o)
                0x08002ff4                __malloc_lock
 .text.__malloc_unlock
                0x08002ff6        0x2 c:/program files (x86)/atollic/truestudio for stm32 9.0.1/armtools/bin/../lib/gcc/arm-atollic-eabi/6.3.1/../../../../arm-atollic-eabi/lib/armv7e-m/fpu\libc_nano.a(lib_a-mlock.o)
                0x08002ff6                __malloc_unlock
 .text._sbrk    0x08002ff8       0x1c c:/program files (x86)/atollic/truestudio for stm32 9.0.1/armtools/bin/../lib/gcc/arm-atollic-eabi/6.3.1/../../../../arm-atollic-eabi/lib/armv7e-m/fpu\libnosys.a(sbrk.o)
                0x08002ff8                _sbrk
 *(.glue_7)
 .glue_7        0x08003014        0x0 linker stubs
 *(.glue_7t)
 .glue_7t       0x08003014        0x0 linker stubs
 *(.eh_frame)
 .eh_frame      0x08003014        0x0 c:/program files (x86)/atollic/truestudio for stm32 9.0.1/armtools/bin/../lib/gcc/arm-atollic-eabi/6.3.1/armv7e-m/fpu/crtbegin.o
 *(.init)
 .init          0x08003014        0x4 c:/program files (x86)/atollic/truestudio for stm32 9.0.1/armtools/bin/../lib/gcc/arm-atollic-eabi/6.3.1/armv7e-m/fpu/crti.o
                0x08003014                _init
 .init          0x08003018        0x8 c:/program files (x86)/atollic/truestudio for stm32 9.0.1/armtools/bin/../lib/gcc/arm-atollic-eabi/6.3.1/armv7e-m/fpu/crtn.o
 *(.fini)
 .fini          0x08003020        0x4 c:/program files (x86)/atollic/truestudio for stm32 9.0.1/armtools/bin/../lib/gcc/arm-atollic-eabi/6.3.1/armv7e-m/fpu/crti.o
                0x08003020                _fini
 .fini          0x08003024        0x8 c:/program files (x86)/atollic/truestudio for stm32 9.0.1/armtools/bin/../lib/gcc/arm-atollic-eabi/6.3.1/armv7e-m/fpu/crtn.o
                0x0800302c                . = ALIGN (0x4)
                0x0800302c                _etext = .

.vfp11_veneer   0x0800302c        0x0
 .vfp11_veneer  0x0800302c        0x0 linker stubs

.v4_bx          0x0800302c        0x0
 .v4_bx         0x0800302c        0x0 linker stubs

.iplt           0x0800302c        0x0
 .iplt          0x0800302c        0x0 c:/program files (x86)/atollic/truestudio for stm32 9.0.1/armtools/bin/../lib/gcc/arm-atollic-eabi/6.3.1/armv7e-m/fpu/crtbegin.o

.rodata         0x0800302c       0xa0
                0x0800302c                . = ALIGN (0x4)
 *(.rodata)
 *(.rodata*)
 .rodata.main.str1.1
                0x0800302c       0x1a Src\main.o
 .rodata.AHBPrescTable
                0x08003046       0x10 Src\system_stm32f4xx.o
                0x08003046                AHBPrescTable
 .rodata.CSWTCH.39
                0x08003056        0x4 Src\usbd_conf.o
 .rodata.USBD_LL_Init.str1.1
                0x0800305a       0x13 Src\usbd_conf.o
 .rodata.USBD_FS_ConfigStrDescriptor.str1.1
                0x0800306d       0x12 Src\usbd_desc.o
 .rodata.USBD_FS_InterfaceStrDescriptor.str1.1
                0x0800307f       0x15 Src\usbd_desc.o
 .rodata.USBD_FS_ManufacturerStrDescriptor.str1.1
                0x08003094        0xe Src\usbd_desc.o
 .rodata.USBD_FS_ProductStrDescriptor.str1.1
                0x080030a2       0x1d Src\usbd_desc.o
 .rodata.USBD_FS_SerialStrDescriptor.str1.1
                0x080030bf        0xd Src\usbd_desc.o
                0x080030cc                . = ALIGN (0x4)

.ARM.extab
 *(.ARM.extab* .gnu.linkonce.armextab.*)

.ARM            0x080030cc        0x8
                0x080030cc                __exidx_start = .
 *(.ARM.exidx*)
 .ARM.exidx     0x080030cc        0x8 c:/program files (x86)/atollic/truestudio for stm32 9.0.1/armtools/bin/../lib/gcc/arm-atollic-eabi/6.3.1/armv7e-m/fpu\libgcc.a(_udivmoddi4.o)
                0x080030d4                __exidx_end = .

.rel.dyn        0x080030d4        0x0
 .rel.iplt      0x080030d4        0x0 c:/program files (x86)/atollic/truestudio for stm32 9.0.1/armtools/bin/../lib/gcc/arm-atollic-eabi/6.3.1/armv7e-m/fpu/crtbegin.o

.preinit_array  0x080030d4        0x0
                0x080030d4                PROVIDE (__preinit_array_start, .)
 *(.preinit_array*)
                0x080030d4                PROVIDE (__preinit_array_end, .)

.init_array     0x080030d4        0x4
                0x080030d4                PROVIDE (__init_array_start, .)
 *(SORT(.init_array.*))
 *(.init_array*)
 .init_array    0x080030d4        0x4 c:/program files (x86)/atollic/truestudio for stm32 9.0.1/armtools/bin/../lib/gcc/arm-atollic-eabi/6.3.1/armv7e-m/fpu/crtbegin.o
                0x080030d8                PROVIDE (__init_array_end, .)

.fini_array     0x080030d8        0x4
                [!provide]                PROVIDE (__fini_array_start, .)
 *(SORT(.fini_array.*))
 *(.fini_array*)
 .fini_array    0x080030d8        0x4 c:/program files (x86)/atollic/truestudio for stm32 9.0.1/armtools/bin/../lib/gcc/arm-atollic-eabi/6.3.1/armv7e-m/fpu/crtbegin.o
                [!provide]                PROVIDE (__fini_array_end, .)
                0x080030dc                _sidata = LOADADDR (.data)

.data           0x20000000      0x16c load address 0x080030dc
                0x20000000                . = ALIGN (0x4)
                0x20000000                _sdata = .
 *(.data)
 *(.data*)
 .data.uwTickFreq
                0x20000000        0x1 Drivers\STM32F4xx_HAL_Driver\Src\stm32f4xx_hal.o
                0x20000000                uwTickFreq
 *fill*         0x20000001        0x3 
 .data.uwTickPrio
                0x20000004        0x4 Drivers\STM32F4xx_HAL_Driver\Src\stm32f4xx_hal.o
                0x20000004                uwTickPrio
 .data.USBD_CUSTOM_HID
                0x20000008       0x38 Middlewares\ST\STM32_USB_Device_Library\Class\CustomHID\Src\usbd_customhid.o
                0x20000008                USBD_CUSTOM_HID
 .data.USBD_CUSTOM_HID_CfgDesc
                0x20000040       0x29 Middlewares\ST\STM32_USB_Device_Library\Class\CustomHID\Src\usbd_customhid.o
 *fill*         0x20000069        0x3 
 .data.USBD_CUSTOM_HID_Desc
                0x2000006c       0x21 Middlewares\ST\STM32_USB_Device_Library\Class\CustomHID\Src\usbd_customhid.o
 *fill*         0x2000008d        0x3 
 .data.USBD_CUSTOM_HID_DeviceQualifierDesc
                0x20000090        0xa Middlewares\ST\STM32_USB_Device_Library\Class\CustomHID\Src\usbd_customhid.o
 *fill*         0x2000009a        0x2 
 .data.SystemCoreClock
                0x2000009c        0x4 Src\system_stm32f4xx.o
                0x2000009c                SystemCoreClock
 .data.CUSTOM_HID_ReportDesc_FS
                0x200000a0       0x21 Src\usbd_custom_hid_if.o
 *fill*         0x200000c1        0x3 
 .data.USBD_CustomHID_fops_FS
                0x200000c4       0x10 Src\usbd_custom_hid_if.o
                0x200000c4                USBD_CustomHID_fops_FS
 .data.FS_Desc  0x200000d4       0x1c Src\usbd_desc.o
                0x200000d4                FS_Desc
 .data.USBD_FS_DeviceDesc
                0x200000f0       0x12 Src\usbd_desc.o
                0x200000f0                USBD_FS_DeviceDesc
 *fill*         0x20000102        0x2 
 .data.USBD_LangIDDesc
                0x20000104        0x4 Src\usbd_desc.o
                0x20000104                USBD_LangIDDesc
 .data._impure_ptr
                0x20000108        0x4 c:/program files (x86)/atollic/truestudio for stm32 9.0.1/armtools/bin/../lib/gcc/arm-atollic-eabi/6.3.1/../../../../arm-atollic-eabi/lib/armv7e-m/fpu\libc_nano.a(lib_a-impure.o)
                0x20000108                _impure_ptr
 .data.impure_data
                0x2000010c       0x60 c:/program files (x86)/atollic/truestudio for stm32 9.0.1/armtools/bin/../lib/gcc/arm-atollic-eabi/6.3.1/../../../../arm-atollic-eabi/lib/armv7e-m/fpu\libc_nano.a(lib_a-impure.o)
                0x2000016c                . = ALIGN (0x4)
                0x2000016c                _edata = .
                0x08003248                _siccmram = LOADADDR (.ccmram)

.igot.plt       0x2000016c        0x0 load address 0x08003248
 .igot.plt      0x2000016c        0x0 c:/program files (x86)/atollic/truestudio for stm32 9.0.1/armtools/bin/../lib/gcc/arm-atollic-eabi/6.3.1/armv7e-m/fpu/crtbegin.o

.ccmram         0x10000000        0x0 load address 0x08003248
                0x10000000                . = ALIGN (0x4)
                0x10000000                _sccmram = .
 *(.ccmram)
 *(.ccmram*)
                0x10000000                . = ALIGN (0x4)
                0x10000000                _eccmram = .
                0x10000000                . = ALIGN (0x4)

.bss            0x2000016c      0x8cc
                0x2000016c                _sbss = .
                0x2000016c                __bss_start__ = _sbss
 *(.bss)
 .bss           0x2000016c       0x1c c:/program files (x86)/atollic/truestudio for stm32 9.0.1/armtools/bin/../lib/gcc/arm-atollic-eabi/6.3.1/armv7e-m/fpu/crtbegin.o
 *(.bss*)
 .bss.cfgidx.9817
                0x20000188        0x1 Middlewares\ST\STM32_USB_Device_Library\Core\Src\usbd_ctlreq.o
 *fill*         0x20000189        0x3 
 .bss.__malloc_free_list
                0x2000018c        0x4 c:/program files (x86)/atollic/truestudio for stm32 9.0.1/armtools/bin/../lib/gcc/arm-atollic-eabi/6.3.1/../../../../arm-atollic-eabi/lib/armv7e-m/fpu\libc_nano.a(lib_a-nano-mallocr.o)
                0x2000018c                __malloc_free_list
 .bss.__malloc_sbrk_start
                0x20000190        0x4 c:/program files (x86)/atollic/truestudio for stm32 9.0.1/armtools/bin/../lib/gcc/arm-atollic-eabi/6.3.1/../../../../arm-atollic-eabi/lib/armv7e-m/fpu\libc_nano.a(lib_a-nano-mallocr.o)
                0x20000190                __malloc_sbrk_start
 .bss.heap_end.5239
                0x20000194        0x4 c:/program files (x86)/atollic/truestudio for stm32 9.0.1/armtools/bin/../lib/gcc/arm-atollic-eabi/6.3.1/../../../../arm-atollic-eabi/lib/armv7e-m/fpu\libnosys.a(sbrk.o)
 *(COMMON)
 COMMON         0x20000198        0x4 Drivers\STM32F4xx_HAL_Driver\Src\stm32f4xx_hal.o
                0x20000198                uwTick
 COMMON         0x2000019c       0x80 Src\main.o
                0x2000019c                USB_RX_Buffer
                0x200001dc                USB_TX_Buffer
 COMMON         0x2000021c      0x224 Src\usb_device.o
                0x2000021c                hUsbDeviceFS
 COMMON         0x20000440      0x3f0 Src\usbd_conf.o
                0x20000440                hpcd_USB_OTG_FS
 COMMON         0x20000830        0x4 Src\usbd_custom_hid_if.o
                0x20000830                hUsbDevice_0
 COMMON         0x20000834      0x200 Src\usbd_desc.o
                0x20000834                USBD_StrDesc
 COMMON         0x20000a34        0x4 c:/program files (x86)/atollic/truestudio for stm32 9.0.1/armtools/bin/../lib/gcc/arm-atollic-eabi/6.3.1/../../../../arm-atollic-eabi/lib/armv7e-m/fpu\libc_nano.a(lib_a-reent.o)
                0x20000a34                errno
                0x20000a38                . = ALIGN (0x4)
                0x20000a38                _ebss = .
                0x20000a38                __bss_end__ = _ebss

._user_heap_stack
                0x20000a38      0x600
                0x20000a38                . = ALIGN (0x4)
                0x20000a38                PROVIDE (end, .)
                [!provide]                PROVIDE (_end, .)
                0x20000c38                . = (. + _Min_Heap_Size)
 *fill*         0x20000a38      0x200 
                0x20001038                . = (. + _Min_Stack_Size)
 *fill*         0x20000c38      0x400 
                0x20001038                . = ALIGN (0x4)

/DISCARD/
 libc.a(*)
 libm.a(*)
 libgcc.a(*)

.ARM.attributes
                0x00000000       0x30
 *(.ARM.attributes)
 .ARM.attributes
                0x00000000       0x22 c:/program files (x86)/atollic/truestudio for stm32 9.0.1/armtools/bin/../lib/gcc/arm-atollic-eabi/6.3.1/armv7e-m/fpu/crti.o
 .ARM.attributes
                0x00000022       0x34 c:/program files (x86)/atollic/truestudio for stm32 9.0.1/armtools/bin/../lib/gcc/arm-atollic-eabi/6.3.1/armv7e-m/fpu/crtbegin.o
 .ARM.attributes
                0x00000056       0x39 Drivers\STM32F4xx_HAL_Driver\Src\stm32f4xx_hal.o
 .ARM.attributes
                0x0000008f       0x39 Drivers\STM32F4xx_HAL_Driver\Src\stm32f4xx_hal_cortex.o
 .ARM.attributes
                0x000000c8       0x39 Drivers\STM32F4xx_HAL_Driver\Src\stm32f4xx_hal_gpio.o
 .ARM.attributes
                0x00000101       0x39 Drivers\STM32F4xx_HAL_Driver\Src\stm32f4xx_hal_pcd.o
 .ARM.attributes
                0x0000013a       0x39 Drivers\STM32F4xx_HAL_Driver\Src\stm32f4xx_hal_pcd_ex.o
 .ARM.attributes
                0x00000173       0x39 Drivers\STM32F4xx_HAL_Driver\Src\stm32f4xx_hal_rcc.o
 .ARM.attributes
                0x000001ac       0x39 Drivers\STM32F4xx_HAL_Driver\Src\stm32f4xx_ll_usb.o
 .ARM.attributes
                0x000001e5       0x39 Middlewares\ST\STM32_USB_Device_Library\Class\CustomHID\Src\usbd_customhid.o
 .ARM.attributes
                0x0000021e       0x39 Middlewares\ST\STM32_USB_Device_Library\Core\Src\usbd_core.o
 .ARM.attributes
                0x00000257       0x39 Middlewares\ST\STM32_USB_Device_Library\Core\Src\usbd_ctlreq.o
 .ARM.attributes
                0x00000290       0x39 Middlewares\ST\STM32_USB_Device_Library\Core\Src\usbd_ioreq.o
 .ARM.attributes
                0x000002c9       0x39 Src\main.o
 .ARM.attributes
                0x00000302       0x39 Src\stm32f4xx_hal_msp.o
 .ARM.attributes
                0x0000033b       0x39 Src\stm32f4xx_it.o
 .ARM.attributes
                0x00000374       0x39 Src\system_stm32f4xx.o
 .ARM.attributes
                0x000003ad       0x39 Src\usb_device.o
 .ARM.attributes
                0x000003e6       0x39 Src\usbd_conf.o
 .ARM.attributes
                0x0000041f       0x39 Src\usbd_custom_hid_if.o
 .ARM.attributes
                0x00000458       0x39 Src\usbd_desc.o
 .ARM.attributes
                0x00000491       0x21 startup\startup_stm32f407xx.o
 .ARM.attributes
                0x000004b2       0x34 c:/program files (x86)/atollic/truestudio for stm32 9.0.1/armtools/bin/../lib/gcc/arm-atollic-eabi/6.3.1/../../../../arm-atollic-eabi/lib/armv7e-m/fpu\libc_nano.a(lib_a-init.o)
 .ARM.attributes
                0x000004e6       0x34 c:/program files (x86)/atollic/truestudio for stm32 9.0.1/armtools/bin/../lib/gcc/arm-atollic-eabi/6.3.1/../../../../arm-atollic-eabi/lib/armv7e-m/fpu\libc_nano.a(lib_a-malloc.o)
 .ARM.attributes
                0x0000051a       0x34 c:/program files (x86)/atollic/truestudio for stm32 9.0.1/armtools/bin/../lib/gcc/arm-atollic-eabi/6.3.1/../../../../arm-atollic-eabi/lib/armv7e-m/fpu\libc_nano.a(lib_a-nano-freer.o)
 .ARM.attributes
                0x0000054e       0x34 c:/program files (x86)/atollic/truestudio for stm32 9.0.1/armtools/bin/../lib/gcc/arm-atollic-eabi/6.3.1/../../../../arm-atollic-eabi/lib/armv7e-m/fpu\libc_nano.a(lib_a-nano-mallocr.o)
 .ARM.attributes
                0x00000582       0x34 c:/program files (x86)/atollic/truestudio for stm32 9.0.1/armtools/bin/../lib/gcc/arm-atollic-eabi/6.3.1/../../../../arm-atollic-eabi/lib/armv7e-m/fpu\libc_nano.a(lib_a-sbrkr.o)
 .ARM.attributes
                0x000005b6       0x34 c:/program files (x86)/atollic/truestudio for stm32 9.0.1/armtools/bin/../lib/gcc/arm-atollic-eabi/6.3.1/../../../../arm-atollic-eabi/lib/armv7e-m/fpu\libc_nano.a(lib_a-impure.o)
 .ARM.attributes
                0x000005ea       0x34 c:/program files (x86)/atollic/truestudio for stm32 9.0.1/armtools/bin/../lib/gcc/arm-atollic-eabi/6.3.1/../../../../arm-atollic-eabi/lib/armv7e-m/fpu\libc_nano.a(lib_a-mlock.o)
 .ARM.attributes
                0x0000061e       0x34 c:/program files (x86)/atollic/truestudio for stm32 9.0.1/armtools/bin/../lib/gcc/arm-atollic-eabi/6.3.1/../../../../arm-atollic-eabi/lib/armv7e-m/fpu\libc_nano.a(lib_a-reent.o)
 .ARM.attributes
                0x00000652       0x22 c:/program files (x86)/atollic/truestudio for stm32 9.0.1/armtools/bin/../lib/gcc/arm-atollic-eabi/6.3.1/armv7e-m/fpu\libgcc.a(_aeabi_uldivmod.o)
 .ARM.attributes
                0x00000674       0x34 c:/program files (x86)/atollic/truestudio for stm32 9.0.1/armtools/bin/../lib/gcc/arm-atollic-eabi/6.3.1/armv7e-m/fpu\libgcc.a(_udivmoddi4.o)
 .ARM.attributes
                0x000006a8       0x22 c:/program files (x86)/atollic/truestudio for stm32 9.0.1/armtools/bin/../lib/gcc/arm-atollic-eabi/6.3.1/armv7e-m/fpu\libgcc.a(_dvmd_tls.o)
 .ARM.attributes
                0x000006ca       0x34 c:/program files (x86)/atollic/truestudio for stm32 9.0.1/armtools/bin/../lib/gcc/arm-atollic-eabi/6.3.1/../../../../arm-atollic-eabi/lib/armv7e-m/fpu\libnosys.a(sbrk.o)
 .ARM.attributes
                0x000006fe       0x22 c:/program files (x86)/atollic/truestudio for stm32 9.0.1/armtools/bin/../lib/gcc/arm-atollic-eabi/6.3.1/armv7e-m/fpu/crtn.o
OUTPUT(USB_Dev_STM32F4Discovery.elf elf32-littlearm)

.debug_info     0x00000000    0x17cfc
 .debug_info    0x00000000     0x11ec Drivers\STM32F4xx_HAL_Driver\Src\stm32f4xx_hal.o
 .debug_info    0x000011ec     0x1744 Drivers\STM32F4xx_HAL_Driver\Src\stm32f4xx_hal_cortex.o
 .debug_info    0x00002930      0xf88 Drivers\STM32F4xx_HAL_Driver\Src\stm32f4xx_hal_gpio.o
 .debug_info    0x000038b8     0x1c57 Drivers\STM32F4xx_HAL_Driver\Src\stm32f4xx_hal_pcd.o
 .debug_info    0x0000550f      0xdc5 Drivers\STM32F4xx_HAL_Driver\Src\stm32f4xx_hal_pcd_ex.o
 .debug_info    0x000062d4     0x1269 Drivers\STM32F4xx_HAL_Driver\Src\stm32f4xx_hal_rcc.o
 .debug_info    0x0000753d     0x1f59 Drivers\STM32F4xx_HAL_Driver\Src\stm32f4xx_ll_usb.o
 .debug_info    0x00009496     0x132b Middlewares\ST\STM32_USB_Device_Library\Class\CustomHID\Src\usbd_customhid.o
 .debug_info    0x0000a7c1     0x1466 Middlewares\ST\STM32_USB_Device_Library\Core\Src\usbd_core.o
 .debug_info    0x0000bc27     0x1499 Middlewares\ST\STM32_USB_Device_Library\Core\Src\usbd_ctlreq.o
 .debug_info    0x0000d0c0      0xfc5 Middlewares\ST\STM32_USB_Device_Library\Core\Src\usbd_ioreq.o
 .debug_info    0x0000e085     0x18fa Src\main.o
 .debug_info    0x0000f97f     0x1a6c Src\stm32f4xx_hal_msp.o
 .debug_info    0x000113eb      0xde1 Src\stm32f4xx_it.o
 .debug_info    0x000121cc      0xd1c Src\system_stm32f4xx.o
 .debug_info    0x00012ee8      0xe5b Src\usb_device.o
 .debug_info    0x00013d43     0x22a2 Src\usbd_conf.o
 .debug_info    0x00015fe5      0xf17 Src\usbd_custom_hid_if.o
 .debug_info    0x00016efc      0xd81 Src\usbd_desc.o
 .debug_info    0x00017c7d       0x7f startup\startup_stm32f407xx.o

.debug_abbrev   0x00000000     0x333a
 .debug_abbrev  0x00000000      0x308 Drivers\STM32F4xx_HAL_Driver\Src\stm32f4xx_hal.o
 .debug_abbrev  0x00000308      0x399 Drivers\STM32F4xx_HAL_Driver\Src\stm32f4xx_hal_cortex.o
 .debug_abbrev  0x000006a1      0x268 Drivers\STM32F4xx_HAL_Driver\Src\stm32f4xx_hal_gpio.o
 .debug_abbrev  0x00000909      0x397 Drivers\STM32F4xx_HAL_Driver\Src\stm32f4xx_hal_pcd.o
 .debug_abbrev  0x00000ca0      0x213 Drivers\STM32F4xx_HAL_Driver\Src\stm32f4xx_hal_pcd_ex.o
 .debug_abbrev  0x00000eb3      0x353 Drivers\STM32F4xx_HAL_Driver\Src\stm32f4xx_hal_rcc.o
 .debug_abbrev  0x00001206      0x380 Drivers\STM32F4xx_HAL_Driver\Src\stm32f4xx_ll_usb.o
 .debug_abbrev  0x00001586      0x2ce Middlewares\ST\STM32_USB_Device_Library\Class\CustomHID\Src\usbd_customhid.o
 .debug_abbrev  0x00001854      0x308 Middlewares\ST\STM32_USB_Device_Library\Core\Src\usbd_core.o
 .debug_abbrev  0x00001b5c      0x3aa Middlewares\ST\STM32_USB_Device_Library\Core\Src\usbd_ctlreq.o
 .debug_abbrev  0x00001f06      0x1da Middlewares\ST\STM32_USB_Device_Library\Core\Src\usbd_ioreq.o
 .debug_abbrev  0x000020e0      0x2d5 Src\main.o
 .debug_abbrev  0x000023b5      0x22e Src\stm32f4xx_hal_msp.o
 .debug_abbrev  0x000025e3      0x23e Src\stm32f4xx_it.o
 .debug_abbrev  0x00002821      0x1ca Src\system_stm32f4xx.o
 .debug_abbrev  0x000029eb      0x1e0 Src\usb_device.o
 .debug_abbrev  0x00002bcb      0x2e8 Src\usbd_conf.o
 .debug_abbrev  0x00002eb3      0x214 Src\usbd_custom_hid_if.o
 .debug_abbrev  0x000030c7      0x261 Src\usbd_desc.o
 .debug_abbrev  0x00003328       0x12 startup\startup_stm32f407xx.o

.debug_loc      0x00000000     0x5310
 .debug_loc     0x00000000      0x11b Drivers\STM32F4xx_HAL_Driver\Src\stm32f4xx_hal.o
 .debug_loc     0x0000011b      0x4fb Drivers\STM32F4xx_HAL_Driver\Src\stm32f4xx_hal_cortex.o
 .debug_loc     0x00000616      0x3cd Drivers\STM32F4xx_HAL_Driver\Src\stm32f4xx_hal_gpio.o
 .debug_loc     0x000009e3      0xb60 Drivers\STM32F4xx_HAL_Driver\Src\stm32f4xx_hal_pcd.o
 .debug_loc     0x00001543      0x10a Drivers\STM32F4xx_HAL_Driver\Src\stm32f4xx_hal_pcd_ex.o
 .debug_loc     0x0000164d      0x336 Drivers\STM32F4xx_HAL_Driver\Src\stm32f4xx_hal_rcc.o
 .debug_loc     0x00001983     0x1632 Drivers\STM32F4xx_HAL_Driver\Src\stm32f4xx_ll_usb.o
 .debug_loc     0x00002fb5      0x4fb Middlewares\ST\STM32_USB_Device_Library\Class\CustomHID\Src\usbd_customhid.o
 .debug_loc     0x000034b0      0x5f2 Middlewares\ST\STM32_USB_Device_Library\Core\Src\usbd_core.o
 .debug_loc     0x00003aa2      0x7cd Middlewares\ST\STM32_USB_Device_Library\Core\Src\usbd_ctlreq.o
 .debug_loc     0x0000426f      0x23c Middlewares\ST\STM32_USB_Device_Library\Core\Src\usbd_ioreq.o
 .debug_loc     0x000044ab       0xe7 Src\stm32f4xx_hal_msp.o
 .debug_loc     0x00004592      0x11c Src\system_stm32f4xx.o
 .debug_loc     0x000046ae      0x95b Src\usbd_conf.o
 .debug_loc     0x00005009       0x94 Src\usbd_custom_hid_if.o
 .debug_loc     0x0000509d      0x273 Src\usbd_desc.o

.debug_aranges  0x00000000      0x928
 .debug_aranges
                0x00000000       0xd8 Drivers\STM32F4xx_HAL_Driver\Src\stm32f4xx_hal.o
 .debug_aranges
                0x000000d8       0xa8 Drivers\STM32F4xx_HAL_Driver\Src\stm32f4xx_hal_cortex.o
 .debug_aranges
                0x00000180       0x58 Drivers\STM32F4xx_HAL_Driver\Src\stm32f4xx_hal_gpio.o
 .debug_aranges
                0x000001d8       0xc0 Drivers\STM32F4xx_HAL_Driver\Src\stm32f4xx_hal_pcd.o
 .debug_aranges
                0x00000298       0x28 Drivers\STM32F4xx_HAL_Driver\Src\stm32f4xx_hal_pcd_ex.o
 .debug_aranges
                0x000002c0       0x88 Drivers\STM32F4xx_HAL_Driver\Src\stm32f4xx_hal_rcc.o
 .debug_aranges
                0x00000348      0x178 Drivers\STM32F4xx_HAL_Driver\Src\stm32f4xx_ll_usb.o
 .debug_aranges
                0x000004c0       0x68 Middlewares\ST\STM32_USB_Device_Library\Class\CustomHID\Src\usbd_customhid.o
 .debug_aranges
                0x00000528       0xa8 Middlewares\ST\STM32_USB_Device_Library\Core\Src\usbd_core.o
 .debug_aranges
                0x000005d0       0x50 Middlewares\ST\STM32_USB_Device_Library\Core\Src\usbd_ctlreq.o
 .debug_aranges
                0x00000620       0x50 Middlewares\ST\STM32_USB_Device_Library\Core\Src\usbd_ioreq.o
 .debug_aranges
                0x00000670       0x30 Src\main.o
 .debug_aranges
                0x000006a0       0x50 Src\stm32f4xx_hal_msp.o
 .debug_aranges
                0x000006f0       0x50 Src\stm32f4xx_it.o
 .debug_aranges
                0x00000740       0x28 Src\system_stm32f4xx.o
 .debug_aranges
                0x00000768       0x20 Src\usb_device.o
 .debug_aranges
                0x00000788       0xf8 Src\usbd_conf.o
 .debug_aranges
                0x00000880       0x30 Src\usbd_custom_hid_if.o
 .debug_aranges
                0x000008b0       0x50 Src\usbd_desc.o
 .debug_aranges
                0x00000900       0x28 startup\startup_stm32f407xx.o

.debug_ranges   0x00000000      0xaa8
 .debug_ranges  0x00000000       0xc8 Drivers\STM32F4xx_HAL_Driver\Src\stm32f4xx_hal.o
 .debug_ranges  0x000000c8      0x138 Drivers\STM32F4xx_HAL_Driver\Src\stm32f4xx_hal_cortex.o
 .debug_ranges  0x00000200       0x68 Drivers\STM32F4xx_HAL_Driver\Src\stm32f4xx_hal_gpio.o
 .debug_ranges  0x00000268       0xc8 Drivers\STM32F4xx_HAL_Driver\Src\stm32f4xx_hal_pcd.o
 .debug_ranges  0x00000330       0x18 Drivers\STM32F4xx_HAL_Driver\Src\stm32f4xx_hal_pcd_ex.o
 .debug_ranges  0x00000348       0xb0 Drivers\STM32F4xx_HAL_Driver\Src\stm32f4xx_hal_rcc.o
 .debug_ranges  0x000003f8      0x180 Drivers\STM32F4xx_HAL_Driver\Src\stm32f4xx_ll_usb.o
 .debug_ranges  0x00000578       0x58 Middlewares\ST\STM32_USB_Device_Library\Class\CustomHID\Src\usbd_customhid.o
 .debug_ranges  0x000005d0       0x98 Middlewares\ST\STM32_USB_Device_Library\Core\Src\usbd_core.o
 .debug_ranges  0x00000668       0xc0 Middlewares\ST\STM32_USB_Device_Library\Core\Src\usbd_ctlreq.o
 .debug_ranges  0x00000728       0x40 Middlewares\ST\STM32_USB_Device_Library\Core\Src\usbd_ioreq.o
 .debug_ranges  0x00000768       0xa8 Src\main.o
 .debug_ranges  0x00000810       0x98 Src\stm32f4xx_hal_msp.o
 .debug_ranges  0x000008a8       0x40 Src\stm32f4xx_it.o
 .debug_ranges  0x000008e8       0x18 Src\system_stm32f4xx.o
 .debug_ranges  0x00000900       0x10 Src\usb_device.o
 .debug_ranges  0x00000910      0x100 Src\usbd_conf.o
 .debug_ranges  0x00000a10       0x38 Src\usbd_custom_hid_if.o
 .debug_ranges  0x00000a48       0x40 Src\usbd_desc.o
 .debug_ranges  0x00000a88       0x20 startup\startup_stm32f407xx.o

.debug_line     0x00000000     0x5729
 .debug_line    0x00000000      0x492 Drivers\STM32F4xx_HAL_Driver\Src\stm32f4xx_hal.o
 .debug_line    0x00000492      0x4dc Drivers\STM32F4xx_HAL_Driver\Src\stm32f4xx_hal_cortex.o
 .debug_line    0x0000096e      0x47a Drivers\STM32F4xx_HAL_Driver\Src\stm32f4xx_hal_gpio.o
 .debug_line    0x00000de8      0x74a Drivers\STM32F4xx_HAL_Driver\Src\stm32f4xx_hal_pcd.o
 .debug_line    0x00001532      0x2ff Drivers\STM32F4xx_HAL_Driver\Src\stm32f4xx_hal_pcd_ex.o
 .debug_line    0x00001831      0x58b Drivers\STM32F4xx_HAL_Driver\Src\stm32f4xx_hal_rcc.o
 .debug_line    0x00001dbc      0x8eb Drivers\STM32F4xx_HAL_Driver\Src\stm32f4xx_ll_usb.o
 .debug_line    0x000026a7      0x4a8 Middlewares\ST\STM32_USB_Device_Library\Class\CustomHID\Src\usbd_customhid.o
 .debug_line    0x00002b4f      0x4f4 Middlewares\ST\STM32_USB_Device_Library\Core\Src\usbd_core.o
 .debug_line    0x00003043      0x474 Middlewares\ST\STM32_USB_Device_Library\Core\Src\usbd_ctlreq.o
 .debug_line    0x000034b7      0x38a Middlewares\ST\STM32_USB_Device_Library\Core\Src\usbd_ioreq.o
 .debug_line    0x00003841      0x476 Src\main.o
 .debug_line    0x00003cb7      0x3de Src\stm32f4xx_hal_msp.o
 .debug_line    0x00004095      0x337 Src\stm32f4xx_it.o
 .debug_line    0x000043cc      0x275 Src\system_stm32f4xx.o
 .debug_line    0x00004641      0x37a Src\usb_device.o
 .debug_line    0x000049bb      0x608 Src\usbd_conf.o
 .debug_line    0x00004fc3      0x37f Src\usbd_custom_hid_if.o
 .debug_line    0x00005342      0x368 Src\usbd_desc.o
 .debug_line    0x000056aa       0x7f startup\startup_stm32f407xx.o

.debug_str      0x00000000     0x3b73
 .debug_str     0x00000000      0xf1b Drivers\STM32F4xx_HAL_Driver\Src\stm32f4xx_hal.o
                                0xfc1 (size before relaxing)
 .debug_str     0x00000f1b      0x3ca Drivers\STM32F4xx_HAL_Driver\Src\stm32f4xx_hal_cortex.o
                               0x1098 (size before relaxing)
 .debug_str     0x000012e5      0x1d8 Drivers\STM32F4xx_HAL_Driver\Src\stm32f4xx_hal_gpio.o
                                0x96e (size before relaxing)
 .debug_str     0x000014bd      0x9cf Drivers\STM32F4xx_HAL_Driver\Src\stm32f4xx_hal_pcd.o
                               0x1076 (size before relaxing)
 .debug_str     0x00001e8c       0x72 Drivers\STM32F4xx_HAL_Driver\Src\stm32f4xx_hal_pcd_ex.o
                                0x9fa (size before relaxing)
 .debug_str     0x00001efe      0x2d5 Drivers\STM32F4xx_HAL_Driver\Src\stm32f4xx_hal_rcc.o
                                0xb41 (size before relaxing)
 .debug_str     0x000021d3      0x3c4 Drivers\STM32F4xx_HAL_Driver\Src\stm32f4xx_ll_usb.o
                               0x101e (size before relaxing)
 .debug_str     0x00002597      0x666 Middlewares\ST\STM32_USB_Device_Library\Class\CustomHID\Src\usbd_customhid.o
                                0xd44 (size before relaxing)
 .debug_str     0x00002bfd      0x2a0 Middlewares\ST\STM32_USB_Device_Library\Core\Src\usbd_core.o
                                0xcc9 (size before relaxing)
 .debug_str     0x00002e9d      0x112 Middlewares\ST\STM32_USB_Device_Library\Core\Src\usbd_ctlreq.o
                                0xbe3 (size before relaxing)
 .debug_str     0x00002faf       0x67 Middlewares\ST\STM32_USB_Device_Library\Core\Src\usbd_ioreq.o
                                0xb10 (size before relaxing)
 .debug_str     0x00003016       0x90 Src\main.o
                               0x12ce (size before relaxing)
 .debug_str     0x000030a6      0x7b8 Src\stm32f4xx_hal_msp.o
                               0x1556 (size before relaxing)
 .debug_str     0x0000385e       0xc8 Src\stm32f4xx_it.o
                                0xa44 (size before relaxing)
 .debug_str     0x00003926       0x45 Src\system_stm32f4xx.o
                                0x7d2 (size before relaxing)
 .debug_str     0x0000396b       0x2b Src\usb_device.o
                                0xac6 (size before relaxing)
 .debug_str     0x00003996       0x51 Src\usbd_conf.o
                               0x1900 (size before relaxing)
 .debug_str     0x000039e7       0x7e Src\usbd_custom_hid_if.o
                                0xb82 (size before relaxing)
 .debug_str     0x00003a65      0x10e Src\usbd_desc.o
                                0x884 (size before relaxing)

.comment        0x00000000       0x7c
 .comment       0x00000000       0x7c Drivers\STM32F4xx_HAL_Driver\Src\stm32f4xx_hal.o
                                 0x7d (size before relaxing)
 .comment       0x0000007c       0x7d Drivers\STM32F4xx_HAL_Driver\Src\stm32f4xx_hal_cortex.o
 .comment       0x0000007c       0x7d Drivers\STM32F4xx_HAL_Driver\Src\stm32f4xx_hal_gpio.o
 .comment       0x0000007c       0x7d Drivers\STM32F4xx_HAL_Driver\Src\stm32f4xx_hal_pcd.o
 .comment       0x0000007c       0x7d Drivers\STM32F4xx_HAL_Driver\Src\stm32f4xx_hal_pcd_ex.o
 .comment       0x0000007c       0x7d Drivers\STM32F4xx_HAL_Driver\Src\stm32f4xx_hal_rcc.o
 .comment       0x0000007c       0x7d Drivers\STM32F4xx_HAL_Driver\Src\stm32f4xx_ll_usb.o
 .comment       0x0000007c       0x7d Middlewares\ST\STM32_USB_Device_Library\Class\CustomHID\Src\usbd_customhid.o
 .comment       0x0000007c       0x7d Middlewares\ST\STM32_USB_Device_Library\Core\Src\usbd_core.o
 .comment       0x0000007c       0x7d Middlewares\ST\STM32_USB_Device_Library\Core\Src\usbd_ctlreq.o
 .comment       0x0000007c       0x7d Middlewares\ST\STM32_USB_Device_Library\Core\Src\usbd_ioreq.o
 .comment       0x0000007c       0x7d Src\main.o
 .comment       0x0000007c       0x7d Src\stm32f4xx_hal_msp.o
 .comment       0x0000007c       0x7d Src\stm32f4xx_it.o
 .comment       0x0000007c       0x7d Src\system_stm32f4xx.o
 .comment       0x0000007c       0x7d Src\usb_device.o
 .comment       0x0000007c       0x7d Src\usbd_conf.o
 .comment       0x0000007c       0x7d Src\usbd_custom_hid_if.o
 .comment       0x0000007c       0x7d Src\usbd_desc.o

.debug_frame    0x00000000     0x1864
 .debug_frame   0x00000000      0x1d0 Drivers\STM32F4xx_HAL_Driver\Src\stm32f4xx_hal.o
 .debug_frame   0x000001d0      0x158 Drivers\STM32F4xx_HAL_Driver\Src\stm32f4xx_hal_cortex.o
 .debug_frame   0x00000328       0xd8 Drivers\STM32F4xx_HAL_Driver\Src\stm32f4xx_hal_gpio.o
 .debug_frame   0x00000400      0x2c4 Drivers\STM32F4xx_HAL_Driver\Src\stm32f4xx_hal_pcd.o
 .debug_frame   0x000006c4       0x3c Drivers\STM32F4xx_HAL_Driver\Src\stm32f4xx_hal_pcd_ex.o
 .debug_frame   0x00000700      0x13c Drivers\STM32F4xx_HAL_Driver\Src\stm32f4xx_hal_rcc.o
 .debug_frame   0x0000083c      0x468 Drivers\STM32F4xx_HAL_Driver\Src\stm32f4xx_ll_usb.o
 .debug_frame   0x00000ca4       0xec Middlewares\ST\STM32_USB_Device_Library\Class\CustomHID\Src\usbd_customhid.o
 .debug_frame   0x00000d90      0x1c0 Middlewares\ST\STM32_USB_Device_Library\Core\Src\usbd_core.o
 .debug_frame   0x00000f50       0xcc Middlewares\ST\STM32_USB_Device_Library\Core\Src\usbd_ctlreq.o
 .debug_frame   0x0000101c       0xb8 Middlewares\ST\STM32_USB_Device_Library\Core\Src\usbd_ioreq.o
 .debug_frame   0x000010d4       0x5c Src\main.o
 .debug_frame   0x00001130       0xc8 Src\stm32f4xx_hal_msp.o
 .debug_frame   0x000011f8       0xbc Src\stm32f4xx_it.o
 .debug_frame   0x000012b4       0x38 Src\system_stm32f4xx.o
 .debug_frame   0x000012ec       0x2c Src\usb_device.o
 .debug_frame   0x00001318      0x26c Src\usbd_conf.o
 .debug_frame   0x00001584       0x40 Src\usbd_custom_hid_if.o
 .debug_frame   0x000015c4       0xa8 Src\usbd_desc.o
 .debug_frame   0x0000166c       0x2c c:/program files (x86)/atollic/truestudio for stm32 9.0.1/armtools/bin/../lib/gcc/arm-atollic-eabi/6.3.1/../../../../arm-atollic-eabi/lib/armv7e-m/fpu\libc_nano.a(lib_a-init.o)
 .debug_frame   0x00001698       0x30 c:/program files (x86)/atollic/truestudio for stm32 9.0.1/armtools/bin/../lib/gcc/arm-atollic-eabi/6.3.1/../../../../arm-atollic-eabi/lib/armv7e-m/fpu\libc_nano.a(lib_a-malloc.o)
 .debug_frame   0x000016c8       0x38 c:/program files (x86)/atollic/truestudio for stm32 9.0.1/armtools/bin/../lib/gcc/arm-atollic-eabi/6.3.1/../../../../arm-atollic-eabi/lib/armv7e-m/fpu\libc_nano.a(lib_a-nano-freer.o)
 .debug_frame   0x00001700       0x2c c:/program files (x86)/atollic/truestudio for stm32 9.0.1/armtools/bin/../lib/gcc/arm-atollic-eabi/6.3.1/../../../../arm-atollic-eabi/lib/armv7e-m/fpu\libc_nano.a(lib_a-nano-mallocr.o)
 .debug_frame   0x0000172c       0x2c c:/program files (x86)/atollic/truestudio for stm32 9.0.1/armtools/bin/../lib/gcc/arm-atollic-eabi/6.3.1/../../../../arm-atollic-eabi/lib/armv7e-m/fpu\libc_nano.a(lib_a-sbrkr.o)
 .debug_frame   0x00001758       0x30 c:/program files (x86)/atollic/truestudio for stm32 9.0.1/armtools/bin/../lib/gcc/arm-atollic-eabi/6.3.1/../../../../arm-atollic-eabi/lib/armv7e-m/fpu\libc_nano.a(lib_a-mlock.o)
 .debug_frame   0x00001788       0x5c c:/program files (x86)/atollic/truestudio for stm32 9.0.1/armtools/bin/../lib/gcc/arm-atollic-eabi/6.3.1/../../../../arm-atollic-eabi/lib/armv7e-m/fpu\libc_nano.a(lib_a-reent.o)
 .debug_frame   0x000017e4       0x2c c:/program files (x86)/atollic/truestudio for stm32 9.0.1/armtools/bin/../lib/gcc/arm-atollic-eabi/6.3.1/armv7e-m/fpu\libgcc.a(_aeabi_uldivmod.o)
 .debug_frame   0x00001810       0x34 c:/program files (x86)/atollic/truestudio for stm32 9.0.1/armtools/bin/../lib/gcc/arm-atollic-eabi/6.3.1/armv7e-m/fpu\libgcc.a(_udivmoddi4.o)
 .debug_frame   0x00001844       0x20 c:/program files (x86)/atollic/truestudio for stm32 9.0.1/armtools/bin/../lib/gcc/arm-atollic-eabi/6.3.1/../../../../arm-atollic-eabi/lib/armv7e-m/fpu\libnosys.a(sbrk.o)
